// Jest Snapshot v1, https://goo.gl/fbAQLP

exports[`actions > api > form should debounce numerous requests to plan a trip 1`] = `
Array [
  Array [
    Object {
      "type": "FORM_CHANGED",
    },
  ],
  Array [
    Object {
      "type": "FORM_CHANGED",
    },
  ],
  Array [
    Object {
      "type": "FORM_CHANGED",
    },
  ],
  Array [
    Object {
      "type": "FORM_CHANGED",
    },
  ],
  Array [
    Object {
      "type": "FORM_CHANGED",
    },
  ],
  Array [
    Object {
      "type": "FORM_CHANGED",
    },
  ],
  Array [
    Object {
      "type": "FORM_CHANGED",
    },
  ],
  Array [
    Object {
      "type": "FORM_CHANGED",
    },
  ],
  Array [
    Object {
      "type": "FORM_CHANGED",
    },
  ],
  Array [
    Object {
      "type": "FORM_CHANGED",
    },
  ],
  Array [
    [Function],
  ],
]
`;
