// Jest Snapshot v1, https://goo.gl/fbAQLP

exports[`lib > reducers > create-user-reducer should be able to create the initial state 1`] = `
Object {
  "accessToken": null,
  "itineraryExistence": null,
  "lastPhoneSmsRequest": Object {
    "number": null,
    "status": null,
    "timestamp": 1970-01-01T00:00:00.000Z,
  },
  "localUser": Object {
    "defaults": Object {
      "intermediatePlaces": Array [],
      "mode": "WALK,TRANSIT",
      "numItineraries": 3,
      "optimize": "QUICK",
      "optimizeBike": "SAFE",
      "otherThanPreferredRoutesPenalty": 900,
      "routingType": "ITINERARY",
      "wheelchair": false,
    },
    "favoriteStops": Array [],
    "recentPlaces": Array [],
    "recentSearches": Array [],
    "savedLocations": Array [],
    "storeTripHistory": false,
  },
  "loggedInUser": null,
  "loggedInUserMonitoredTrips": null,
  "loggedInUserTripRequests": null,
  "pathBeforeSignIn": null,
}
`;
